
Memory Configuration

Name             Origin             Length             Attributes
FLASH            0x08000000         0x00100000         xr
SRAM             0x20000000         0x00020000         xrw
*default*        0x00000000         0xffffffff

Linker script and memory map

LOAD main.o
LOAD led.o
LOAD stm32_startup.o

.text           0x08000000      0x620
 *(.isr_vector)
 .isr_vector    0x08000000      0x1c4 stm32_startup.o
                0x08000000                vectors
 *(.text)
 .text          0x080001c4      0x384 main.o
                0x080001c4                idle_handler
                0x080001c6                init_systick_timer
                0x080001fc                schdule_stack
                0x08000202                user_tasks_init
                0x080002f4                schedule
                0x08000306                task_delay
                0x08000340                task1_handler
                0x08000362                task2_handler
                0x08000384                task3_handler
                0x080003a4                task4_handler
                0x080003c4                get_psp_value
                0x080003d8                save_psp_value
                0x080003ec                update_task
                0x08000448                PendSV_Handler
                0x0800046c                global_tick_update
                0x0800047c                unblock_task
                0x080004ac                SysTick_Handler
                0x080004c8                enable_processor_faults
                0x080004f8                HardFault_Handler
                0x080004fa                MemManage_Handler
                0x080004fc                BusFault_Handler
                0x080004fe                UsageFault_Handler
                0x08000506                UsageFault_Handler_c
                0x08000508                switch_sp_to_psp
                0x08000520                main
 .text          0x08000548       0x88 led.o
                0x08000548                delay
                0x08000564                led_on
                0x08000578                led_off
                0x08000590                led_init_all
 .text          0x080005d0       0x50 stm32_startup.o
                0x080005d0                RTC_Alarm_IRQHandler
                0x080005d0                EXTI2_IRQHandler
                0x080005d0                TIM8_CC_IRQHandler
                0x080005d0                SPDIF_Rx_IRQHandler
                0x080005d0                DebugMon_Handler
                0x080005d0                FMPI2C1_EV_IRQHandler
                0x080005d0                SPI4_IRQHandler
                0x080005d0                TIM1_CC_IRQHandler
                0x080005d0                QuadSPI_IRQHandler
                0x080005d0                DMA2_Stream5_IRQHandler
                0x080005d0                DMA1_Stream5_IRQHandler
                0x080005d0                PVD_IRQHandler
                0x080005d0                SDIO_IRQHandler
                0x080005d0                TAMP_STAMP_IRQHandler
                0x080005d0                NMI_Handler
                0x080005d0                CAN2_RX1_IRQHandler
                0x080005d0                EXTI3_IRQHandler
                0x080005d0                TIM8_TRG_COM_TIM14_IRQHandler
                0x080005d0                TIM1_UP_TIM10_IRQHandler
                0x080005d0                TIM8_UP_TIM13_IRQHandler
                0x080005d0                I2C3_ER_IRQHandler
                0x080005d0                EXTI0_IRQHandler
                0x080005d0                I2C2_EV_IRQHandler
                0x080005d0                DMA1_Stream2_IRQHandler
                0x080005d0                CAN1_RX0_IRQHandler
                0x080005d0                FPU_IRQHandler
                0x080005d0                OTG_HS_WKUP_IRQHandler
                0x080005d0                CAN2_SCE_IRQHandler
                0x080005d0                DMA2_Stream2_IRQHandler
                0x080005d0                SPI1_IRQHandler
                0x080005d0                TIM6_DAC_IRQHandler
                0x080005d0                TIM1_BRK_TIM9_IRQHandler
                0x080005d0                DCMI_IRQHandler
                0x080005d0                CAN2_RX0_IRQHandler
                0x080005d0                DMA2_Stream3_IRQHandler
                0x080005d0                SAI2_IRQHandler
                0x080005d0                USART6_IRQHandler
                0x080005d0                USART3_IRQHandler
                0x080005d0                SAI1_IRQHandler
                0x080005d0                CAN1_RX1_IRQHandler
                0x080005d0                UART5_IRQHandler
                0x080005d0                DMA2_Stream0_IRQHandler
                0x080005d0                TIM4_IRQHandler
                0x080005d0                I2C1_EV_IRQHandler
                0x080005d0                HDMI_CEC_IRQHandler
                0x080005d0                DMA1_Stream6_IRQHandler
                0x080005d0                DMA1_Stream1_IRQHandler
                0x080005d0                UART4_IRQHandler
                0x080005d0                TIM3_IRQHandler
                0x080005d0                RCC_IRQHandler
                0x080005d0                TIM8_BRK_TIM12_IRQHandler
                0x080005d0                Default_Handler
                0x080005d0                EXTI15_10_IRQHandler
                0x080005d0                ADC_IRQHandler
                0x080005d0                DMA1_Stream7_IRQHandler
                0x080005d0                TIM7_IRQHandler
                0x080005d0                CAN2_TX_IRQHandler
                0x080005d0                TIM5_IRQHandler
                0x080005d0                DMA2_Stream7_IRQHandler
                0x080005d0                I2C3_EV_IRQHandler
                0x080005d0                EXTI9_5_IRQHandler
                0x080005d0                RTC_WKUP_IRQHandler
                0x080005d0                SPI2_IRQHandler
                0x080005d0                OTG_HS_EP1_IN_IRQHandler
                0x080005d0                DMA1_Stream0_IRQHandler
                0x080005d0                CAN1_TX_IRQHandler
                0x080005d0                SVC_Handler
                0x080005d0                FMPI2C1_ER_IRQHandler
                0x080005d0                EXTI4_IRQHandler
                0x080005d0                OTG_HS_EP1_OUT_IRQHandler
                0x080005d0                WWDG_IRQHandler
                0x080005d0                TIM2_IRQHandler
                0x080005d0                OTG_FS_WKUP_IRQHandler
                0x080005d0                TIM1_TRG_COM_TIM11_IRQHandler
                0x080005d0                OTG_HS_IRQHandler
                0x080005d0                EXTI1_IRQHandler
                0x080005d0                USART2_IRQHandler
                0x080005d0                I2C2_ER_IRQHandler
                0x080005d0                DMA2_Stream1_IRQHandler
                0x080005d0                CAN1_SCE_IRQHandler
                0x080005d0                FLASH_IRQHandler
                0x080005d0                DMA2_Stream4_IRQHandler
                0x080005d0                USART1_IRQHandler
                0x080005d0                OTG_FS_IRQHandler
                0x080005d0                SPI3_IRQHandler
                0x080005d0                DMA1_Stream4_IRQHandler
                0x080005d0                I2C1_ER_IRQHandler
                0x080005d0                FMC_IRQHandler
                0x080005d0                DMA2_Stream6_IRQHandler
                0x080005d0                DMA1_Stream3_IRQHandler
                0x080005d2                Reset_Handler
 *(.rodata)
                0x08000620                _etext = .

.glue_7         0x08000620        0x0
 .glue_7        0x08000620        0x0 linker stubs

.glue_7t        0x08000620        0x0
 .glue_7t       0x08000620        0x0 linker stubs

.vfp11_veneer   0x08000620        0x0
 .vfp11_veneer  0x08000620        0x0 linker stubs

.v4_bx          0x08000620        0x0
 .v4_bx         0x08000620        0x0 linker stubs

.iplt           0x08000620        0x0
 .iplt          0x08000620        0x0 main.o

.rel.dyn        0x08000620        0x0
 .rel.iplt      0x08000620        0x0 main.o

.data           0x20000000        0xc load address 0x08000620
                0x20000000                _sdata = .
 *(.data)
 .data          0x20000000        0xc main.o
                0x20000000                pSRVR
                0x20000004                current_task
                0x20000008                pSHCSR
 .data          0x2000000c        0x0 led.o
 .data          0x2000000c        0x0 stm32_startup.o
                0x2000000c                _edata = .

.igot.plt       0x2000000c        0x0 load address 0x0800062c
 .igot.plt      0x2000000c        0x0 main.o

.bss            0x2000000c       0x54 load address 0x0800062c
                0x2000000c                _sbss = .
 *(.bss)
 .bss           0x2000000c       0x54 main.o
                0x2000000c                user_task
                0x2000005c                g_tick_count
 .bss           0x20000060        0x0 led.o
 .bss           0x20000060        0x0 stm32_startup.o
                0x20000060                _ebss = .
OUTPUT(final.elf elf32-littlearm)
LOAD linker stubs

.comment        0x00000000       0x49
 .comment       0x00000000       0x49 main.o
                                 0x4a (size before relaxing)
 .comment       0x00000049       0x4a led.o
 .comment       0x00000049       0x4a stm32_startup.o

.ARM.attributes
                0x00000000       0x2e
 .ARM.attributes
                0x00000000       0x2e main.o
 .ARM.attributes
                0x0000002e       0x2e led.o
 .ARM.attributes
                0x0000005c       0x2e stm32_startup.o
